// Jest Snapshot v1, https://goo.gl/fbAQLP

exports[`root page behaviors it should render root page 1`] = `
<div>
  <header
    class="sc-gKPRtg hdwHpx"
  >
    <div
      class="header-content"
    >
      <h1>
        <img
          alt="sorteador de amigo secreto logo"
          src="/img/logo.png"
        />
      </h1>
      <img
        alt=""
        src="/img/participante.png"
      />
    </div>
  </header>
  <section
    class="sc-jSUZER gWVsJS"
  >
    <div
      class="sc-pyfCe bXkFhM"
    >
      <main>
        <h2
          class="sc-iBYQkv sc-ftTHYK dSWAHD iyjARg"
        >
          Vamos começar!
        </h2>
        <form
          class="sc-bcXHqe gASXYh"
        >
          <div
            class="sc-gswNZR btBKCR"
          >
            <label
              class="add_participant_icon"
              for="addParticipantsInput"
            >
              <span
                class="material-icons "
              >
                person_add
              </span>
            </label>
            <input
              id="addParticipantsInput"
              placeholder="Insira o nome dos participantes"
              type="text"
              value=""
            />
          </div>
          <button
            class="sc-dkrFOg bZltst"
            disabled=""
          >
            Adicionar
          </button>
        </form>
        
        <ul
          class="sc-hLBbgP iHIhdg"
        />
      </main>
      <footer
        class="sc-eDvSVe gJZlTb"
      >
        <button
          class="submit-participants-btn"
          disabled=""
        >
          <img
            alt=""
            src="/img/play-logo.png"
          />
          Iniciar brincadeira!
        </button>
        <img
          alt=""
          src="/img/sacolas.png"
        />
      </footer>
    </div>
  </section>
</div>
`;
