// Jest Snapshot v1, https://goo.gl/fbAQLP

exports[`root page behaviors it should render root page 1`] = `
<div>
  <header
    class="sc-jSUZER jDXyYZ"
  >
    <div
      class="header-content"
    >
      <h1>
        <img
          alt="sorteador de amigo secreto logo"
          src="/img/logo.png"
        />
      </h1>
      <img
        alt=""
        src="/img/participante.png"
      />
    </div>
  </header>
  <section
    class="sc-eDvSVe kuiOsZ"
  >
    <main>
      <h2
        class="sc-gKPRtg sc-iBYQkv gRNJMQ hyiNAi"
      >
        Vamos começar!
      </h2>
      <form
        class="sc-bcXHqe dyyNau"
      >
        <div
          class="sc-gswNZR hQZgTC"
        >
          <label
            class="add_participant_icon"
            for="addParticipantsInput"
          >
            <span
              class="material-icons "
            >
              person_add
            </span>
          </label>
          <input
            id="addParticipantsInput"
            placeholder="Insira o nome dos participantes"
            type="text"
            value=""
          />
        </div>
        <button
          class="sc-dkrFOg ljbKhK"
          disabled=""
        >
          Adicionar
        </button>
        
      </form>
      <ul />
    </main>
    <footer
      class="sc-hLBbgP hvaZoj"
    >
      <button
        class="submit-participants-btn"
        disabled=""
      >
        <img
          alt=""
          src="/img/play-logo.png"
        />
        Iniciar brincadeira!
      </button>
      <img
        alt=""
        src="/img/sacolas.png"
      />
    </footer>
  </section>
</div>
`;
